This is pdfTeX, Version 3.141592653-2.6-1.40.25 (TeX Live 2023/Debian) (preloaded format=pdflatex 2026.2.22)  9 SEP 2026 09:40
entering extended mode
 restricted \write18 enabled.
 file:line:error style messages enabled.
 %&-line parsing enabled.
**"/home/kale-chen/Documents/PET/Sensitivity Normalization/writeup/main.tex"
(/home/kale-chen/Documents/PET/Sensitivity Normalization/writeup/main.tex
LaTeX2e <2023-11-01> patch level 1
L3 programming layer <2024-01-22>
(/usr/share/texlive/texmf-dist/tex/latex/base/article.cls
Document Class: article 2023/05/17 v1.4n Standard LaTeX document class
(/usr/share/texlive/texmf-dist/tex/latex/base/size10.clo
File: size10.clo 2023/05/17 v1.4n Standard LaTeX file (size option)
)
\c@part=\count187
\c@section=\count188
\c@subsection=\count189
\c@subsubsection=\count190
\c@paragraph=\count191
\c@subparagraph=\count192
\c@figure=\count193
\c@table=\count194
\abovecaptionskip=\skip48
\belowcaptionskip=\skip49
\bibindent=\dimen140
) (/usr/share/texlive/texmf-dist/tex/generic/babel/babel.sty
Package: babel 2024/01/07 v24.1 The Babel package
\babel@savecnt=\count195
\U@D=\dimen141
\l@unhyphenated=\language9
 (/usr/share/texlive/texmf-dist/tex/generic/babel/txtbabel.def)
\bbl@readstream=\read2
\bbl@dirlevel=\count196
 (/usr/share/texlive/texmf-dist/tex/generic/babel-english/english.ldf
Language: english 2017/06/06 v3.3r English support from the babel system
Package babel Info: Hyphen rules for 'british' set to \l@english
(babel)             (\language0). Reported on input line 82.
Package babel Info: Hyphen rules for 'UKenglish' set to \l@english
(babel)             (\language0). Reported on input line 83.
Package babel Info: Hyphen rules for 'canadian' set to \l@english
(babel)             (\language0). Reported on input line 102.
Package babel Info: Hyphen rules for 'australian' set to \l@english
(babel)             (\language0). Reported on input line 105.
Package babel Info: Hyphen rules for 'newzealand' set to \l@english
(babel)             (\language0). Reported on input line 108.
)) (/usr/share/texlive/texmf-dist/tex/generic/babel/locale/en/babel-english.tex
Package babel Info: Importing font and identification data for english
(babel)             from babel-en.ini. Reported on input line 11.
) (/usr/share/texlive/texmf-dist/tex/latex/geometry/geometry.sty
Package: geometry 2020/01/02 v5.9 Page Geometry
 (/usr/share/texlive/texmf-dist/tex/latex/graphics/keyval.sty
Package: keyval 2022/05/29 v1.15 key=value parser (DPC)
\KV@toks@=\toks17
) (/usr/share/texlive/texmf-dist/tex/generic/iftex/ifvtex.sty
Package: ifvtex 2019/10/25 v1.7 ifvtex legacy package. Use iftex instead.
 (/usr/share/texlive/texmf-dist/tex/generic/iftex/iftex.sty
Package: iftex 2022/02/03 v1.0f TeX engine tests
))
\Gm@cnth=\count197
\Gm@cntv=\count198
\c@Gm@tempcnt=\count199
\Gm@bindingoffset=\dimen142
\Gm@wd@mp=\dimen143
\Gm@odd@mp=\dimen144
\Gm@even@mp=\dimen145
\Gm@layoutwidth=\dimen146
\Gm@layoutheight=\dimen147
\Gm@layouthoffset=\dimen148
\Gm@layoutvoffset=\dimen149
\Gm@dimlist=\toks18
) (/usr/share/texlive/texmf-dist/tex/latex/amsmath/amsmath.sty
Package: amsmath 2023/05/13 v2.17o AMS math features
\@mathmargin=\skip50

For additional information on amsmath, use the `?' option.
(/usr/share/texlive/texmf-dist/tex/latex/amsmath/amstext.sty
Package: amstext 2021/08/26 v2.01 AMS text
 (/usr/share/texlive/texmf-dist/tex/latex/amsmath/amsgen.sty
File: amsgen.sty 1999/11/30 v2.0 generic functions
\@emptytoks=\toks19
\ex@=\dimen150
)) (/usr/share/texlive/texmf-dist/tex/latex/amsmath/amsbsy.sty
Package: amsbsy 1999/11/29 v1.2d Bold Symbols
\pmbraise@=\dimen151
) (/usr/share/texlive/texmf-dist/tex/latex/amsmath/amsopn.sty
Package: amsopn 2022/04/08 v2.04 operator names
)
\inf@bad=\count266
LaTeX Info: Redefining \frac on input line 234.
\uproot@=\count267
\leftroot@=\count268
LaTeX Info: Redefining \overline on input line 399.
LaTeX Info: Redefining \colon on input line 410.
\classnum@=\count269
\DOTSCASE@=\count270
LaTeX Info: Redefining \ldots on input line 496.
LaTeX Info: Redefining \dots on input line 499.
LaTeX Info: Redefining \cdots on input line 620.
\Mathstrutbox@=\box51
\strutbox@=\box52
LaTeX Info: Redefining \big on input line 722.
LaTeX Info: Redefining \Big on input line 723.
LaTeX Info: Redefining \bigg on input line 724.
LaTeX Info: Redefining \Bigg on input line 725.
\big@size=\dimen152
LaTeX Font Info:    Redeclaring font encoding OML on input line 743.
LaTeX Font Info:    Redeclaring font encoding OMS on input line 744.
\macc@depth=\count271
LaTeX Info: Redefining \bmod on input line 905.
LaTeX Info: Redefining \pmod on input line 910.
LaTeX Info: Redefining \smash on input line 940.
LaTeX Info: Redefining \relbar on input line 970.
LaTeX Info: Redefining \Relbar on input line 971.
\c@MaxMatrixCols=\count272
\dotsspace@=\muskip16
\c@parentequation=\count273
\dspbrk@lvl=\count274
\tag@help=\toks20
\row@=\count275
\column@=\count276
\maxfields@=\count277
\andhelp@=\toks21
\eqnshift@=\dimen153
\alignsep@=\dimen154
\tagshift@=\dimen155
\tagwidth@=\dimen156
\totwidth@=\dimen157
\lineht@=\dimen158
\@envbody=\toks22
\multlinegap=\skip51
\multlinetaggap=\skip52
\mathdisplay@stack=\toks23
LaTeX Info: Redefining \[ on input line 2953.
LaTeX Info: Redefining \] on input line 2954.
) (/usr/share/texlive/texmf-dist/tex/latex/graphics/graphicx.sty
Package: graphicx 2021/09/16 v1.2d Enhanced LaTeX Graphics (DPC,SPQR)
 (/usr/share/texlive/texmf-dist/tex/latex/graphics/graphics.sty
Package: graphics 2022/03/10 v1.4e Standard LaTeX Graphics (DPC,SPQR)
 (/usr/share/texlive/texmf-dist/tex/latex/graphics/trig.sty
Package: trig 2021/08/11 v1.11 sin cos tan (DPC)
) (/usr/share/texlive/texmf-dist/tex/latex/graphics-cfg/graphics.cfg
File: graphics.cfg 2016/06/04 v1.11 sample graphics configuration
)
Package graphics Info: Driver file: pdftex.def on input line 107.
 (/usr/share/texlive/texmf-dist/tex/latex/graphics-def/pdftex.def
File: pdftex.def 2022/09/22 v1.2b Graphics/color driver for pdftex
))
\Gin@req@height=\dimen159
\Gin@req@width=\dimen160
) (/usr/share/texlive/texmf-dist/tex/latex/hyperref/hyperref.sty
Package: hyperref 2024-01-20 v7.01h Hypertext links for LaTeX
 (/usr/share/texlive/texmf-dist/tex/latex/kvsetkeys/kvsetkeys.sty
Package: kvsetkeys 2022-10-05 v1.19 Key value parser (HO)
) (/usr/share/texlive/texmf-dist/tex/generic/kvdefinekeys/kvdefinekeys.sty
Package: kvdefinekeys 2019-12-19 v1.6 Define keys (HO)
) (/usr/share/texlive/texmf-dist/tex/generic/pdfescape/pdfescape.sty
Package: pdfescape 2019/12/09 v1.15 Implements pdfTeX's escape features (HO)
 (/usr/share/texlive/texmf-dist/tex/generic/ltxcmds/ltxcmds.sty
Package: ltxcmds 2023-12-04 v1.26 LaTeX kernel commands for general use (HO)
) (/usr/share/texlive/texmf-dist/tex/generic/pdftexcmds/pdftexcmds.sty
Package: pdftexcmds 2020-06-27 v0.33 Utility functions of pdfTeX for LuaTeX (HO)
 (/usr/share/texlive/texmf-dist/tex/generic/infwarerr/infwarerr.sty
Package: infwarerr 2019/12/03 v1.5 Providing info/warning/error messages (HO)
)
Package pdftexcmds Info: \pdf@primitive is available.
Package pdftexcmds Info: \pdf@ifprimitive is available.
Package pdftexcmds Info: \pdfdraftmode found.
)) (/usr/share/texlive/texmf-dist/tex/latex/hycolor/hycolor.sty
Package: hycolor 2020-01-27 v1.10 Color options for hyperref/bookmark (HO)
) (/usr/share/texlive/texmf-dist/tex/latex/auxhook/auxhook.sty
Package: auxhook 2019-12-17 v1.6 Hooks for auxiliary files (HO)
) (/usr/share/texlive/texmf-dist/tex/latex/hyperref/nameref.sty
Package: nameref 2023-11-26 v2.56 Cross-referencing by name of section
 (/usr/share/texlive/texmf-dist/tex/latex/refcount/refcount.sty
Package: refcount 2019/12/15 v3.6 Data extraction from label references (HO)
) (/usr/share/texlive/texmf-dist/tex/generic/gettitlestring/gettitlestring.sty
Package: gettitlestring 2019/12/15 v1.6 Cleanup title references (HO)
 (/usr/share/texlive/texmf-dist/tex/latex/kvoptions/kvoptions.sty
Package: kvoptions 2022-06-15 v3.15 Key value format for package options (HO)
))
\c@section@level=\count278
) (/usr/share/texlive/texmf-dist/tex/latex/etoolbox/etoolbox.sty
Package: etoolbox 2020/10/05 v2.5k e-TeX tools for LaTeX (JAW)
\etb@tempcnta=\count279
)
\@linkdim=\dimen161
\Hy@linkcounter=\count280
\Hy@pagecounter=\count281
 (/usr/share/texlive/texmf-dist/tex/latex/hyperref/pd1enc.def
File: pd1enc.def 2024-01-20 v7.01h Hyperref: PDFDocEncoding definition (HO)
Now handling font encoding PD1 ...
... no UTF-8 mapping file for font encoding PD1
) (/usr/share/texlive/texmf-dist/tex/generic/intcalc/intcalc.sty
Package: intcalc 2019/12/15 v1.3 Expandable calculations with integers (HO)
)
\Hy@SavedSpaceFactor=\count282
 (/usr/share/texlive/texmf-dist/tex/latex/hyperref/puenc.def
File: puenc.def 2024-01-20 v7.01h Hyperref: PDF Unicode definition (HO)
Now handling font encoding PU ...
... no UTF-8 mapping file for font encoding PU
)
Package hyperref Info: Option `colorlinks' set `true' on input line 4062.
Package hyperref Info: Hyper figures OFF on input line 4179.
Package hyperref Info: Link nesting OFF on input line 4184.
Package hyperref Info: Hyper index ON on input line 4187.
Package hyperref Info: Plain pages OFF on input line 4194.
Package hyperref Info: Backreferencing OFF on input line 4199.
Package hyperref Info: Implicit mode ON; LaTeX internals redefined.
Package hyperref Info: Bookmarks ON on input line 4446.
\c@Hy@tempcnt=\count283
 (/usr/share/texlive/texmf-dist/tex/latex/url/url.sty
\Urlmuskip=\muskip17
Package: url 2013/09/16  ver 3.4  Verb mode for urls, etc.
)
LaTeX Info: Redefining \url on input line 4784.
\XeTeXLinkMargin=\dimen162
 (/usr/share/texlive/texmf-dist/tex/generic/bitset/bitset.sty
Package: bitset 2019/12/09 v1.3 Handle bit-vector datatype (HO)
 (/usr/share/texlive/texmf-dist/tex/generic/bigintcalc/bigintcalc.sty
Package: bigintcalc 2019/12/15 v1.5 Expandable calculations on big integers (HO)
))
\Fld@menulength=\count284
\Field@Width=\dimen163
\Fld@charsize=\dimen164
Package hyperref Info: Hyper figures OFF on input line 6063.
Package hyperref Info: Link nesting OFF on input line 6068.
Package hyperref Info: Hyper index ON on input line 6071.
Package hyperref Info: backreferencing OFF on input line 6078.
Package hyperref Info: Link coloring ON on input line 6081.
Package hyperref Info: Link coloring with OCG OFF on input line 6088.
Package hyperref Info: PDF/A mode OFF on input line 6093.
 (/usr/share/texlive/texmf-dist/tex/latex/base/atbegshi-ltx.sty
Package: atbegshi-ltx 2021/01/10 v1.0c Emulation of the original atbegshi
package with kernel methods
)
\Hy@abspage=\count285
\c@Item=\count286
\c@Hfootnote=\count287
)
Package hyperref Info: Driver (autodetected): hpdftex.
 (/usr/share/texlive/texmf-dist/tex/latex/hyperref/hpdftex.def
File: hpdftex.def 2024-01-20 v7.01h Hyperref driver for pdfTeX
 (/usr/share/texlive/texmf-dist/tex/latex/base/atveryend-ltx.sty
Package: atveryend-ltx 2020/08/19 v1.0a Emulation of the original atveryend package
with kernel methods
)
\Fld@listcount=\count288
\c@bookmark@seq@number=\count289
 (/usr/share/texlive/texmf-dist/tex/latex/rerunfilecheck/rerunfilecheck.sty
Package: rerunfilecheck 2022-07-10 v1.10 Rerun checks for auxiliary files (HO)
 (/usr/share/texlive/texmf-dist/tex/generic/uniquecounter/uniquecounter.sty
Package: uniquecounter 2019/12/15 v1.4 Provide unlimited unique counter (HO)
)
Package uniquecounter Info: New unique counter `rerunfilecheck' on input line 285.
)
\Hy@SectionHShift=\skip53
) (/usr/share/texlive/texmf-dist/tex/latex/caption/subcaption.sty
Package: subcaption 2023/07/28 v1.6b Sub-captions (AR)
 (/usr/share/texlive/texmf-dist/tex/latex/caption/caption.sty
Package: caption 2023/08/05 v3.6o Customizing captions (AR)
 (/usr/share/texlive/texmf-dist/tex/latex/caption/caption3.sty
Package: caption3 2023/07/31 v2.4d caption3 kernel (AR)
\caption@tempdima=\dimen165
\captionmargin=\dimen166
\caption@leftmargin=\dimen167
\caption@rightmargin=\dimen168
\caption@width=\dimen169
\caption@indent=\dimen170
\caption@parindent=\dimen171
\caption@hangindent=\dimen172
Package caption Info: Standard document class detected.
)
\c@caption@flags=\count290
\c@continuedfloat=\count291
Package caption Info: hyperref package is loaded.
)
Package caption Info: New subtype `subfigure' on input line 238.
\c@subfigure=\count292
Package caption Info: New subtype `subtable' on input line 238.
\c@subtable=\count293
) (/usr/share/texlive/texmf-dist/tex/latex/tools/multicol.sty
Package: multicol 2023/03/30 v1.9f multicolumn formatting (FMi)
\c@tracingmulticols=\count294
\mult@box=\box53
\multicol@leftmargin=\dimen173
\c@unbalance=\count295
\c@collectmore=\count296
\doublecol@number=\count297
\multicoltolerance=\count298
\multicolpretolerance=\count299
\full@width=\dimen174
\page@free=\dimen175
\premulticols=\dimen176
\postmulticols=\dimen177
\multicolsep=\skip54
\multicolbaselineskip=\skip55
\partial@page=\box54
\last@line=\box55
\mc@boxedresult=\box56
\maxbalancingoverflow=\dimen178
\mult@rightbox=\box57
\mult@grightbox=\box58
\mult@firstbox=\box59
\mult@gfirstbox=\box60
\@tempa=\box61
\@tempa=\box62
\@tempa=\box63
\@tempa=\box64
\@tempa=\box65
\@tempa=\box66
\@tempa=\box67
\@tempa=\box68
\@tempa=\box69
\@tempa=\box70
\@tempa=\box71
\@tempa=\box72
\@tempa=\box73
\@tempa=\box74
\@tempa=\box75
\@tempa=\box76
\@tempa=\box77
\@tempa=\box78
\@tempa=\box79
\@tempa=\box80
\@tempa=\box81
\@tempa=\box82
\@tempa=\box83
\@tempa=\box84
\@tempa=\box85
\@tempa=\box86
\@tempa=\box87
\@tempa=\box88
\@tempa=\box89
\@tempa=\box90
\@tempa=\box91
\@tempa=\box92
\@tempa=\box93
\@tempa=\box94
\@tempa=\box95
\@tempa=\box96
\c@minrows=\count300
\c@columnbadness=\count301
\c@finalcolumnbadness=\count302
\last@try=\dimen179
\multicolovershoot=\dimen180
\multicolundershoot=\dimen181
\mult@nat@firstbox=\box97
\colbreak@box=\box98
\mc@col@check@num=\count303
) (/usr/share/texlive/texmf-dist/tex/latex/fancyhdr/fancyhdr.sty
Package: fancyhdr 2022/11/09 v4.1 Extensive control of page headers and footers
\f@nch@headwidth=\skip56
\f@nch@O@elh=\skip57
\f@nch@O@erh=\skip58
\f@nch@O@olh=\skip59
\f@nch@O@orh=\skip60
\f@nch@O@elf=\skip61
\f@nch@O@erf=\skip62
\f@nch@O@olf=\skip63
\f@nch@O@orf=\skip64
) (/usr/share/texlive/texmf-dist/tex/latex/braket/braket.sty) (/usr/share/texlive/texmf-dist/tex/latex/mathtools/mathtools.sty
Package: mathtools 2022/06/29 v1.29 mathematical typesetting tools
 (/usr/share/texlive/texmf-dist/tex/latex/tools/calc.sty
Package: calc 2023/07/08 v4.3 Infix arithmetic (KKT,FJ)
\calc@Acount=\count304
\calc@Bcount=\count305
\calc@Adimen=\dimen182
\calc@Bdimen=\dimen183
\calc@Askip=\skip65
\calc@Bskip=\skip66
LaTeX Info: Redefining \setlength on input line 80.
LaTeX Info: Redefining \addtolength on input line 81.
\calc@Ccount=\count306
\calc@Cskip=\skip67
) (/usr/share/texlive/texmf-dist/tex/latex/mathtools/mhsetup.sty
Package: mhsetup 2021/03/18 v1.4 programming setup (MH)
)
\g_MT_multlinerow_int=\count307
\l_MT_multwidth_dim=\dimen184
\origjot=\skip68
\l_MT_shortvdotswithinadjustabove_dim=\dimen185
\l_MT_shortvdotswithinadjustbelow_dim=\dimen186
\l_MT_above_intertext_sep=\dimen187
\l_MT_below_intertext_sep=\dimen188
\l_MT_above_shortintertext_sep=\dimen189
\l_MT_below_shortintertext_sep=\dimen190
\xmathstrut@box=\box99
\xmathstrut@dim=\dimen191
) (/usr/share/texlive/texmf-dist/tex/latex/pgf/frontendlayer/tikz.sty (/usr/share/texlive/texmf-dist/tex/latex/pgf/basiclayer/pgf.sty (/usr/share/texlive/texmf-dist/tex/latex/pgf/utilities/pgfrcs.sty (/usr/share/texlive/texmf-dist/tex/generic/pgf/utilities/pgfutil-common.tex
\pgfutil@everybye=\toks24
\pgfutil@tempdima=\dimen192
\pgfutil@tempdimb=\dimen193
) (/usr/share/texlive/texmf-dist/tex/generic/pgf/utilities/pgfutil-latex.def
\pgfutil@abb=\box100
) (/usr/share/texlive/texmf-dist/tex/generic/pgf/utilities/pgfrcs.code.tex (/usr/share/texlive/texmf-dist/tex/generic/pgf/pgf.revision.tex)
Package: pgfrcs 2023-01-15 v3.1.10 (3.1.10)
))
Package: pgf 2023-01-15 v3.1.10 (3.1.10)
 (/usr/share/texlive/texmf-dist/tex/latex/pgf/basiclayer/pgfcore.sty (/usr/share/texlive/texmf-dist/tex/latex/pgf/systemlayer/pgfsys.sty (/usr/share/texlive/texmf-dist/tex/generic/pgf/systemlayer/pgfsys.code.tex
Package: pgfsys 2023-01-15 v3.1.10 (3.1.10)
 (/usr/share/texlive/texmf-dist/tex/generic/pgf/utilities/pgfkeys.code.tex
\pgfkeys@pathtoks=\toks25
\pgfkeys@temptoks=\toks26
 (/usr/share/texlive/texmf-dist/tex/generic/pgf/utilities/pgfkeyslibraryfiltered.code.tex
\pgfkeys@tmptoks=\toks27
))
\pgf@x=\dimen194
\pgf@y=\dimen195
\pgf@xa=\dimen196
\pgf@ya=\dimen197
\pgf@xb=\dimen198
\pgf@yb=\dimen199
\pgf@xc=\dimen256
\pgf@yc=\dimen257
\pgf@xd=\dimen258
\pgf@yd=\dimen259
\w@pgf@writea=\write3
\r@pgf@reada=\read3
\c@pgf@counta=\count308
\c@pgf@countb=\count309
\c@pgf@countc=\count310
\c@pgf@countd=\count311
\t@pgf@toka=\toks28
\t@pgf@tokb=\toks29
\t@pgf@tokc=\toks30
\pgf@sys@id@count=\count312
 (/usr/share/texlive/texmf-dist/tex/generic/pgf/systemlayer/pgf.cfg
File: pgf.cfg 2023-01-15 v3.1.10 (3.1.10)
)
Driver file for pgf: pgfsys-pdftex.def
 (/usr/share/texlive/texmf-dist/tex/generic/pgf/systemlayer/pgfsys-pdftex.def
File: pgfsys-pdftex.def 2023-01-15 v3.1.10 (3.1.10)
 (/usr/share/texlive/texmf-dist/tex/generic/pgf/systemlayer/pgfsys-common-pdf.def
File: pgfsys-common-pdf.def 2023-01-15 v3.1.10 (3.1.10)
))) (/usr/share/texlive/texmf-dist/tex/generic/pgf/systemlayer/pgfsyssoftpath.code.tex
File: pgfsyssoftpath.code.tex 2023-01-15 v3.1.10 (3.1.10)
\pgfsyssoftpath@smallbuffer@items=\count313
\pgfsyssoftpath@bigbuffer@items=\count314
) (/usr/share/texlive/texmf-dist/tex/generic/pgf/systemlayer/pgfsysprotocol.code.tex
File: pgfsysprotocol.code.tex 2023-01-15 v3.1.10 (3.1.10)
)) (/usr/share/texlive/texmf-dist/tex/latex/xcolor/xcolor.sty
Package: xcolor 2023/11/15 v3.01 LaTeX color extensions (UK)
 (/usr/share/texlive/texmf-dist/tex/latex/graphics-cfg/color.cfg
File: color.cfg 2016/01/02 v1.6 sample color configuration
)
Package xcolor Info: Driver file: pdftex.def on input line 274.
 (/usr/share/texlive/texmf-dist/tex/latex/graphics/mathcolor.ltx)
Package xcolor Info: Model `cmy' substituted by `cmy0' on input line 1350.
Package xcolor Info: Model `hsb' substituted by `rgb' on input line 1354.
Package xcolor Info: Model `RGB' extended on input line 1366.
Package xcolor Info: Model `HTML' substituted by `rgb' on input line 1368.
Package xcolor Info: Model `Hsb' substituted by `hsb' on input line 1369.
Package xcolor Info: Model `tHsb' substituted by `hsb' on input line 1370.
Package xcolor Info: Model `HSB' substituted by `hsb' on input line 1371.
Package xcolor Info: Model `Gray' substituted by `gray' on input line 1372.
Package xcolor Info: Model `wave' substituted by `hsb' on input line 1373.
) (/usr/share/texlive/texmf-dist/tex/generic/pgf/basiclayer/pgfcore.code.tex
Package: pgfcore 2023-01-15 v3.1.10 (3.1.10)
 (/usr/share/texlive/texmf-dist/tex/generic/pgf/math/pgfmath.code.tex (/usr/share/texlive/texmf-dist/tex/generic/pgf/math/pgfmathutil.code.tex) (/usr/share/texlive/texmf-dist/tex/generic/pgf/math/pgfmathparser.code.tex
\pgfmath@dimen=\dimen260
\pgfmath@count=\count315
\pgfmath@box=\box101
\pgfmath@toks=\toks31
\pgfmath@stack@operand=\toks32
\pgfmath@stack@operation=\toks33
) (/usr/share/texlive/texmf-dist/tex/generic/pgf/math/pgfmathfunctions.code.tex) (/usr/share/texlive/texmf-dist/tex/generic/pgf/math/pgfmathfunctions.basic.code.tex) (/usr/share/texlive/texmf-dist/tex/generic/pgf/math/pgfmathfunctions.trigonometric.code.tex) (/usr/share/texlive/texmf-dist/tex/generic/pgf/math/pgfmathfunctions.random.code.tex) (/usr/share/texlive/texmf-dist/tex/generic/pgf/math/pgfmathfunctions.comparison.code.tex) (/usr/share/texlive/texmf-dist/tex/generic/pgf/math/pgfmathfunctions.base.code.tex) (/usr/share/texlive/texmf-dist/tex/generic/pgf/math/pgfmathfunctions.round.code.tex) (/usr/share/texlive/texmf-dist/tex/generic/pgf/math/pgfmathfunctions.misc.code.tex) (/usr/share/texlive/texmf-dist/tex/generic/pgf/math/pgfmathfunctions.integerarithmetics.code.tex) (/usr/share/texlive/texmf-dist/tex/generic/pgf/math/pgfmathcalc.code.tex) (/usr/share/texlive/texmf-dist/tex/generic/pgf/math/pgfmathfloat.code.tex
\c@pgfmathroundto@lastzeros=\count316
)) (/usr/share/texlive/texmf-dist/tex/generic/pgf/math/pgfint.code.tex) (/usr/share/texlive/texmf-dist/tex/generic/pgf/basiclayer/pgfcorepoints.code.tex
File: pgfcorepoints.code.tex 2023-01-15 v3.1.10 (3.1.10)
\pgf@picminx=\dimen261
\pgf@picmaxx=\dimen262
\pgf@picminy=\dimen263
\pgf@picmaxy=\dimen264
\pgf@pathminx=\dimen265
\pgf@pathmaxx=\dimen266
\pgf@pathminy=\dimen267
\pgf@pathmaxy=\dimen268
\pgf@xx=\dimen269
\pgf@xy=\dimen270
\pgf@yx=\dimen271
\pgf@yy=\dimen272
\pgf@zx=\dimen273
\pgf@zy=\dimen274
) (/usr/share/texlive/texmf-dist/tex/generic/pgf/basiclayer/pgfcorepathconstruct.code.tex
File: pgfcorepathconstruct.code.tex 2023-01-15 v3.1.10 (3.1.10)
\pgf@path@lastx=\dimen275
\pgf@path@lasty=\dimen276
) (/usr/share/texlive/texmf-dist/tex/generic/pgf/basiclayer/pgfcorepathusage.code.tex
File: pgfcorepathusage.code.tex 2023-01-15 v3.1.10 (3.1.10)
\pgf@shorten@end@additional=\dimen277
\pgf@shorten@start@additional=\dimen278
) (/usr/share/texlive/texmf-dist/tex/generic/pgf/basiclayer/pgfcorescopes.code.tex
File: pgfcorescopes.code.tex 2023-01-15 v3.1.10 (3.1.10)
\pgfpic=\box102
\pgf@hbox=\box103
\pgf@layerbox@main=\box104
\pgf@picture@serial@count=\count317
) (/usr/share/texlive/texmf-dist/tex/generic/pgf/basiclayer/pgfcoregraphicstate.code.tex
File: pgfcoregraphicstate.code.tex 2023-01-15 v3.1.10 (3.1.10)
\pgflinewidth=\dimen279
) (/usr/share/texlive/texmf-dist/tex/generic/pgf/basiclayer/pgfcoretransformations.code.tex
File: pgfcoretransformations.code.tex 2023-01-15 v3.1.10 (3.1.10)
\pgf@pt@x=\dimen280
\pgf@pt@y=\dimen281
\pgf@pt@temp=\dimen282
) (/usr/share/texlive/texmf-dist/tex/generic/pgf/basiclayer/pgfcorequick.code.tex
File: pgfcorequick.code.tex 2023-01-15 v3.1.10 (3.1.10)
) (/usr/share/texlive/texmf-dist/tex/generic/pgf/basiclayer/pgfcoreobjects.code.tex
File: pgfcoreobjects.code.tex 2023-01-15 v3.1.10 (3.1.10)
) (/usr/share/texlive/texmf-dist/tex/generic/pgf/basiclayer/pgfcorepathprocessing.code.tex
File: pgfcorepathprocessing.code.tex 2023-01-15 v3.1.10 (3.1.10)
) (/usr/share/texlive/texmf-dist/tex/generic/pgf/basiclayer/pgfcorearrows.code.tex
File: pgfcorearrows.code.tex 2023-01-15 v3.1.10 (3.1.10)
\pgfarrowsep=\dimen283
) (/usr/share/texlive/texmf-dist/tex/generic/pgf/basiclayer/pgfcoreshade.code.tex
File: pgfcoreshade.code.tex 2023-01-15 v3.1.10 (3.1.10)
\pgf@max=\dimen284
\pgf@sys@shading@range@num=\count318
\pgf@shadingcount=\count319
) (/usr/share/texlive/texmf-dist/tex/generic/pgf/basiclayer/pgfcoreimage.code.tex
File: pgfcoreimage.code.tex 2023-01-15 v3.1.10 (3.1.10)
) (/usr/share/texlive/texmf-dist/tex/generic/pgf/basiclayer/pgfcoreexternal.code.tex
File: pgfcoreexternal.code.tex 2023-01-15 v3.1.10 (3.1.10)
\pgfexternal@startupbox=\box105
) (/usr/share/texlive/texmf-dist/tex/generic/pgf/basiclayer/pgfcorelayers.code.tex
File: pgfcorelayers.code.tex 2023-01-15 v3.1.10 (3.1.10)
) (/usr/share/texlive/texmf-dist/tex/generic/pgf/basiclayer/pgfcoretransparency.code.tex
File: pgfcoretransparency.code.tex 2023-01-15 v3.1.10 (3.1.10)
) (/usr/share/texlive/texmf-dist/tex/generic/pgf/basiclayer/pgfcorepatterns.code.tex
File: pgfcorepatterns.code.tex 2023-01-15 v3.1.10 (3.1.10)
) (/usr/share/texlive/texmf-dist/tex/generic/pgf/basiclayer/pgfcorerdf.code.tex
File: pgfcorerdf.code.tex 2023-01-15 v3.1.10 (3.1.10)
))) (/usr/share/texlive/texmf-dist/tex/generic/pgf/modules/pgfmoduleshapes.code.tex
File: pgfmoduleshapes.code.tex 2023-01-15 v3.1.10 (3.1.10)
\pgfnodeparttextbox=\box106
) (/usr/share/texlive/texmf-dist/tex/generic/pgf/modules/pgfmoduleplot.code.tex
File: pgfmoduleplot.code.tex 2023-01-15 v3.1.10 (3.1.10)
) (/usr/share/texlive/texmf-dist/tex/latex/pgf/compatibility/pgfcomp-version-0-65.sty
Package: pgfcomp-version-0-65 2023-01-15 v3.1.10 (3.1.10)
\pgf@nodesepstart=\dimen285
\pgf@nodesepend=\dimen286
) (/usr/share/texlive/texmf-dist/tex/latex/pgf/compatibility/pgfcomp-version-1-18.sty
Package: pgfcomp-version-1-18 2023-01-15 v3.1.10 (3.1.10)
)) (/usr/share/texlive/texmf-dist/tex/latex/pgf/utilities/pgffor.sty (/usr/share/texlive/texmf-dist/tex/latex/pgf/utilities/pgfkeys.sty (/usr/share/texlive/texmf-dist/tex/generic/pgf/utilities/pgfkeys.code.tex)) (/usr/share/texlive/texmf-dist/tex/latex/pgf/math/pgfmath.sty (/usr/share/texlive/texmf-dist/tex/generic/pgf/math/pgfmath.code.tex)) (/usr/share/texlive/texmf-dist/tex/generic/pgf/utilities/pgffor.code.tex
Package: pgffor 2023-01-15 v3.1.10 (3.1.10)
\pgffor@iter=\dimen287
\pgffor@skip=\dimen288
\pgffor@stack=\toks34
\pgffor@toks=\toks35
)) (/usr/share/texlive/texmf-dist/tex/generic/pgf/frontendlayer/tikz/tikz.code.tex
Package: tikz 2023-01-15 v3.1.10 (3.1.10)
 (/usr/share/texlive/texmf-dist/tex/generic/pgf/libraries/pgflibraryplothandlers.code.tex
File: pgflibraryplothandlers.code.tex 2023-01-15 v3.1.10 (3.1.10)
\pgf@plot@mark@count=\count320
\pgfplotmarksize=\dimen289
)
\tikz@lastx=\dimen290
\tikz@lasty=\dimen291
\tikz@lastxsaved=\dimen292
\tikz@lastysaved=\dimen293
\tikz@lastmovetox=\dimen294
\tikz@lastmovetoy=\dimen295
\tikzleveldistance=\dimen296
\tikzsiblingdistance=\dimen297
\tikz@figbox=\box107
\tikz@figbox@bg=\box108
\tikz@tempbox=\box109
\tikz@tempbox@bg=\box110
\tikztreelevel=\count321
\tikznumberofchildren=\count322
\tikznumberofcurrentchild=\count323
\tikz@fig@count=\count324
 (/usr/share/texlive/texmf-dist/tex/generic/pgf/modules/pgfmodulematrix.code.tex
File: pgfmodulematrix.code.tex 2023-01-15 v3.1.10 (3.1.10)
\pgfmatrixcurrentrow=\count325
\pgfmatrixcurrentcolumn=\count326
\pgf@matrix@numberofcolumns=\count327
)
\tikz@expandcount=\count328
 (/usr/share/texlive/texmf-dist/tex/generic/pgf/frontendlayer/tikz/libraries/tikzlibrarytopaths.code.tex
File: tikzlibrarytopaths.code.tex 2023-01-15 v3.1.10 (3.1.10)
))) (/usr/share/texlive/texmf-dist/tex/latex/float/float.sty
Package: float 2001/11/08 v1.3d Float enhancements (AL)
\c@float@type=\count329
\float@exts=\toks36
\float@box=\box111
\@float@everytoks=\toks37
\@floatcapt=\box112
) (/usr/share/texlive/texmf-dist/tex/latex/l3backend/l3backend-pdftex.def
File: l3backend-pdftex.def 2024-01-04 L3 backend support: PDF output (pdfTeX)
\l__color_backend_stack_int=\count330
\l__pdf_internal_box=\box113
) (./main.aux)
\openout1 = `main.aux'.

LaTeX Font Info:    Checking defaults for OML/cmm/m/it on input line 24.
LaTeX Font Info:    ... okay on input line 24.
LaTeX Font Info:    Checking defaults for OMS/cmsy/m/n on input line 24.
LaTeX Font Info:    ... okay on input line 24.
LaTeX Font Info:    Checking defaults for OT1/cmr/m/n on input line 24.
LaTeX Font Info:    ... okay on input line 24.
LaTeX Font Info:    Checking defaults for T1/cmr/m/n on input line 24.
LaTeX Font Info:    ... okay on input line 24.
LaTeX Font Info:    Checking defaults for TS1/cmr/m/n on input line 24.
LaTeX Font Info:    ... okay on input line 24.
LaTeX Font Info:    Checking defaults for OMX/cmex/m/n on input line 24.
LaTeX Font Info:    ... okay on input line 24.
LaTeX Font Info:    Checking defaults for U/cmr/m/n on input line 24.
LaTeX Font Info:    ... okay on input line 24.
LaTeX Font Info:    Checking defaults for PD1/pdf/m/n on input line 24.
LaTeX Font Info:    ... okay on input line 24.
LaTeX Font Info:    Checking defaults for PU/pdf/m/n on input line 24.
LaTeX Font Info:    ... okay on input line 24.

*geometry* driver: auto-detecting
*geometry* detected driver: pdftex
*geometry* verbose mode - [ preamble ] result:
* driver: pdftex
* paper: letterpaper
* layout: <same size as paper>
* layoutoffset:(h,v)=(0.0pt,0.0pt)
* modes: 
* h-part:(L,W,R)=(56.9055pt, 500.484pt, 56.9055pt)
* v-part:(T,H,B)=(56.9055pt, 681.15898pt, 56.9055pt)
* \paperwidth=614.295pt
* \paperheight=794.96999pt
* \textwidth=500.484pt
* \textheight=681.15898pt
* \oddsidemargin=-15.36449pt
* \evensidemargin=-15.36449pt
* \topmargin=-52.36449pt
* \headheight=12.0pt
* \headsep=25.0pt
* \topskip=10.0pt
* \footskip=30.0pt
* \marginparwidth=49.79231pt
* \marginparsep=11.0pt
* \columnsep=10.0pt
* \skip\footins=9.0pt plus 4.0pt minus 2.0pt
* \hoffset=0.0pt
* \voffset=0.0pt
* \mag=1000
* \@twocolumnfalse
* \@twosidefalse
* \@mparswitchfalse
* \@reversemarginfalse
* (1in=72.27pt=25.4mm, 1cm=28.453pt)

(/usr/share/texlive/texmf-dist/tex/context/base/mkii/supp-pdf.mkii
[Loading MPS to PDF converter (version 2006.09.02).]
\scratchcounter=\count331
\scratchdimen=\dimen298
\scratchbox=\box114
\nofMPsegments=\count332
\nofMParguments=\count333
\everyMPshowfont=\toks38
\MPscratchCnt=\count334
\MPscratchDim=\dimen299
\MPnumerator=\count335
\makeMPintoPDFobject=\count336
\everyMPtoPDFconversion=\toks39
) (/usr/share/texlive/texmf-dist/tex/latex/epstopdf-pkg/epstopdf-base.sty
Package: epstopdf-base 2020-01-24 v2.11 Base part for package epstopdf
Package epstopdf-base Info: Redefining graphics rule for `.eps' on input line 485.
 (/usr/share/texlive/texmf-dist/tex/latex/latexconfig/epstopdf-sys.cfg
File: epstopdf-sys.cfg 2010/07/13 v1.3 Configuration of (r)epstopdf for TeX Live
))
Package hyperref Info: Link coloring ON on input line 24.
 (./main.out) (./main.out)
\@outlinefile=\write4
\openout4 = `main.out'.

Package caption Info: Begin \AtBeginDocument code.
Package caption Info: float package is loaded.
Package caption Info: End \AtBeginDocument code.


LaTeX Warning: No \author given.

(./main.toc)
\tf@toc=\write5
\openout5 = `main.toc'.

 [1

{/var/lib/texmf/fonts/map/pdftex/updmap/pdftex.map}]
<images/simimage.png, id=131, 1080.035pt x 782.925pt>
File: images/simimage.png Graphic file (type png)
<use images/simimage.png>
Package pdftex.def Info: images/simimage.png  used on input line 52.
(pdftex.def)             Requested size: 250.24199pt x 181.39502pt.


LaTeX Warning: `h' float specifier changed to `ht'.

[2] [3 <./images/simimage.png>]
<plots/activityhist/simp.pdf, id=159, 724.15857pt x 282.68486pt>
File: plots/activityhist/simp.pdf Graphic file (type pdf)
<use plots/activityhist/simp.pdf>
Package pdftex.def Info: plots/activityhist/simp.pdf  used on input line 87.
(pdftex.def)             Requested size: 450.43253pt x 175.83217pt.
<plots/activityhist/simpgd.pdf, id=160, 724.15857pt x 282.68486pt>
File: plots/activityhist/simpgd.pdf Graphic file (type pdf)
<use plots/activityhist/simpgd.pdf>
Package pdftex.def Info: plots/activityhist/simpgd.pdf  used on input line 92.
(pdftex.def)             Requested size: 450.43253pt x 175.83217pt.
<images/circpath.png, id=161, 342.5598pt x 323.7696pt>
File: images/circpath.png Graphic file (type png)
<use images/circpath.png>
Package pdftex.def Info: images/circpath.png  used on input line 102.
(pdftex.def)             Requested size: 250.24199pt x 236.52275pt.
 [4 <./plots/activityhist/simp.pdf> <./plots/activityhist/simpgd.pdf>]
<plots/activityhist/hcircphm.pdf, id=270, 511.90117pt x 333.32599pt>
File: plots/activityhist/hcircphm.pdf Graphic file (type pdf)
<use plots/activityhist/hcircphm.pdf>
Package pdftex.def Info: plots/activityhist/hcircphm.pdf  used on input line 111.
(pdftex.def)             Requested size: 225.21626pt x 146.64862pt.
<plots/activityhist/hcircpgdhm.pdf, id=271, 511.90117pt x 333.32599pt>
File: plots/activityhist/hcircpgdhm.pdf Graphic file (type pdf)
<use plots/activityhist/hcircpgdhm.pdf>
Package pdftex.def Info: plots/activityhist/hcircpgdhm.pdf  used on input line 112.
(pdftex.def)             Requested size: 225.21626pt x 146.64862pt.
<plots/activityhist/simhm.pdf, id=272, 511.90117pt x 333.32599pt>
File: plots/activityhist/simhm.pdf Graphic file (type pdf)
<use plots/activityhist/simhm.pdf>
Package pdftex.def Info: plots/activityhist/simhm.pdf  used on input line 113.
(pdftex.def)             Requested size: 225.21626pt x 146.64862pt.


Package hyperref Warning: Token not allowed in a PDF string (Unicode):
(hyperref)                removing `math shift' on input line 119.


Package hyperref Warning: Token not allowed in a PDF string (Unicode):
(hyperref)                removing `math shift' on input line 119.

[5 <./images/circpath.png> <./plots/activityhist/hcircphm.pdf> <./plots/activityhist/hcircpgdhm.pdf> <./plots/activityhist/simhm.pdf>]
<plots/radialaxialfactors.pdf, id=381, 726.55222pt x 282.68486pt>
File: plots/radialaxialfactors.pdf Graphic file (type pdf)
<use plots/radialaxialfactors.pdf>
Package pdftex.def Info: plots/radialaxialfactors.pdf  used on input line 129.
(pdftex.def)             Requested size: 450.43253pt x 175.25417pt.
 [6 <./plots/radialaxialfactors.pdf>]
<plots/convergence/Channel activity scaled to median, it0.pdf, id=443, 506.88242pt x 333.32599pt>
File: plots/convergence/Channel activity scaled to median, it0.pdf Graphic file (type pdf)
<use plots/convergence/Channel activity scaled to median, it0.pdf>
Package pdftex.def Info: plots/convergence/Channel activity scaled to median, it0.pdf  used on input line 143.
(pdftex.def)             Requested size: 225.21626pt x 148.10326pt.
<plots/convergence/Channel activity scaled to median, it1.pdf, id=444, 511.90117pt x 333.32599pt>
File: plots/convergence/Channel activity scaled to median, it1.pdf Graphic file (type pdf)
<use plots/convergence/Channel activity scaled to median, it1.pdf>
Package pdftex.def Info: plots/convergence/Channel activity scaled to median, it1.pdf  used on input line 144.
(pdftex.def)             Requested size: 225.21626pt x 146.64862pt.
<plots/convergence/Channel activity scaled to median, it3.pdf, id=445, 511.90117pt x 333.32599pt>
File: plots/convergence/Channel activity scaled to median, it3.pdf Graphic file (type pdf)
<use plots/convergence/Channel activity scaled to median, it3.pdf>
Package pdftex.def Info: plots/convergence/Channel activity scaled to median, it3.pdf  used on input line 145.
(pdftex.def)             Requested size: 225.21626pt x 146.64862pt.
<plots/convergence/Channel activity scaled to median, it10.pdf, id=446, 511.90117pt x 333.32599pt>
File: plots/convergence/Channel activity scaled to median, it10.pdf Graphic file (type pdf)
<use plots/convergence/Channel activity scaled to median, it10.pdf>
Package pdftex.def Info: plots/convergence/Channel activity scaled to median, it10.pdf  used on input line 146.
(pdftex.def)             Requested size: 225.21626pt x 146.64862pt.
<plots/convergence/histselectediterations.pdf, id=447, 403.69258pt x 227.03696pt>
File: plots/convergence/histselectediterations.pdf Graphic file (type pdf)
<use plots/convergence/histselectediterations.pdf>
Package pdftex.def Info: plots/convergence/histselectediterations.pdf  used on input line 152.
(pdftex.def)             Requested size: 300.29344pt x 168.88464pt.
 [7 <./plots/convergence/Channel activity scaled to median, it0.pdf> <./plots/convergence/Channel activity scaled to median, it1.pdf> <./plots/convergence/Channel activity scaled to median, it3.pdf> <./plots/convergence/Channel activity scaled to median, it10.pdf> <./plots/convergence/histselectediterations.pdf>]

Package hyperref Warning: Token not allowed in a PDF string (Unicode):
(hyperref)                removing `math shift' on input line 168.


Package hyperref Warning: Token not allowed in a PDF string (Unicode):
(hyperref)                removing `math shift' on input line 168.

<plots/sensimgs/sensjosephbipartite.pdf, id=629, 602.7732pt x 515.38924pt>
File: plots/sensimgs/sensjosephbipartite.pdf Graphic file (type pdf)
<use plots/sensimgs/sensjosephbipartite.pdf>
Package pdftex.def Info: plots/sensimgs/sensjosephbipartite.pdf  used on input line 176.
(pdftex.def)             Requested size: 225.21626pt x 192.5627pt.
<plots/sensimgs/sensjosephbipartiten.pdf, id=630, 602.7732pt x 515.38924pt>
File: plots/sensimgs/sensjosephbipartiten.pdf Graphic file (type pdf)
<use plots/sensimgs/sensjosephbipartiten.pdf>
Package pdftex.def Info: plots/sensimgs/sensjosephbipartiten.pdf  used on input line 177.
(pdftex.def)             Requested size: 225.21626pt x 192.5627pt.
<plots/sensimgs/mc3d.pdf, id=631, 602.7732pt x 515.38924pt>
File: plots/sensimgs/mc3d.pdf Graphic file (type pdf)
<use plots/sensimgs/mc3d.pdf>
Package pdftex.def Info: plots/sensimgs/mc3d.pdf  used on input line 178.
(pdftex.def)             Requested size: 225.21626pt x 192.5627pt.
<plots/sensimgs/correctedimg.pdf, id=632, 602.7732pt x 515.38924pt>
File: plots/sensimgs/correctedimg.pdf Graphic file (type pdf)
<use plots/sensimgs/correctedimg.pdf>
Package pdftex.def Info: plots/sensimgs/correctedimg.pdf  used on input line 179.
(pdftex.def)             Requested size: 225.21626pt x 192.5627pt.
[8] [9 <./plots/sensimgs/sensjosephbipartite.pdf> <./plots/sensimgs/sensjosephbipartiten.pdf> <./plots/sensimgs/mc3d.pdf> <./plots/sensimgs/correctedimg.pdf>]
<plots/spatialresolution/pR11_xy_it1_spatialresolution.pdf, id=792, 361.35pt x 361.35pt>
File: plots/spatialresolution/pR11_xy_it1_spatialresolution.pdf Graphic file (type pdf)
<use plots/spatialresolution/pR11_xy_it1_spatialresolution.pdf>
Package pdftex.def Info: plots/spatialresolution/pR11_xy_it1_spatialresolution.pdf  used on input line 192.
(pdftex.def)             Requested size: 150.14671pt x 150.14491pt.
<plots/spatialresolution/pR01_xy_it1_spatialresolution.pdf, id=793, 361.35pt x 361.35pt>
File: plots/spatialresolution/pR01_xy_it1_spatialresolution.pdf Graphic file (type pdf)
<use plots/spatialresolution/pR01_xy_it1_spatialresolution.pdf>
Package pdftex.def Info: plots/spatialresolution/pR01_xy_it1_spatialresolution.pdf  used on input line 193.
(pdftex.def)             Requested size: 150.14671pt x 150.14491pt.
<plots/spatialresolution/pr71_xy_it1_spatialresolution.pdf, id=794, 361.35pt x 361.35pt>
File: plots/spatialresolution/pr71_xy_it1_spatialresolution.pdf Graphic file (type pdf)
<use plots/spatialresolution/pr71_xy_it1_spatialresolution.pdf>
Package pdftex.def Info: plots/spatialresolution/pr71_xy_it1_spatialresolution.pdf  used on input line 194.
(pdftex.def)             Requested size: 150.14671pt x 150.14491pt.
<plots/spatialresolution/pr21_xy_it1_spatialresolution.pdf, id=795, 361.35pt x 361.35pt>
File: plots/spatialresolution/pr21_xy_it1_spatialresolution.pdf Graphic file (type pdf)
<use plots/spatialresolution/pr21_xy_it1_spatialresolution.pdf>
Package pdftex.def Info: plots/spatialresolution/pr21_xy_it1_spatialresolution.pdf  used on input line 195.
(pdftex.def)             Requested size: 150.14671pt x 150.14491pt.
<plots/spatialresolution/pr01_xy_it1_spatialresolution.pdf, id=796, 361.35pt x 361.35pt>
File: plots/spatialresolution/pr01_xy_it1_spatialresolution.pdf Graphic file (type pdf)
<use plots/spatialresolution/pr01_xy_it1_spatialresolution.pdf>
Package pdftex.def Info: plots/spatialresolution/pr01_xy_it1_spatialresolution.pdf  used on input line 196.
(pdftex.def)             Requested size: 150.14671pt x 150.14491pt.
<plots/spatialresolution/pr61_xy_it1_spatialresolution.pdf, id=797, 361.35pt x 361.35pt>
File: plots/spatialresolution/pr61_xy_it1_spatialresolution.pdf Graphic file (type pdf)
<use plots/spatialresolution/pr61_xy_it1_spatialresolution.pdf>
Package pdftex.def Info: plots/spatialresolution/pr61_xy_it1_spatialresolution.pdf  used on input line 197.
(pdftex.def)             Requested size: 150.14671pt x 150.14491pt.
<plots/spatialresolution/pr31_xy_it1_spatialresolution.pdf, id=798, 361.35pt x 361.35pt>
File: plots/spatialresolution/pr31_xy_it1_spatialresolution.pdf Graphic file (type pdf)
<use plots/spatialresolution/pr31_xy_it1_spatialresolution.pdf>
Package pdftex.def Info: plots/spatialresolution/pr31_xy_it1_spatialresolution.pdf  used on input line 198.
(pdftex.def)             Requested size: 150.14671pt x 150.14491pt.
<plots/spatialresolution/pr41_xy_it1_spatialresolution.pdf, id=799, 361.35pt x 361.35pt>
File: plots/spatialresolution/pr41_xy_it1_spatialresolution.pdf Graphic file (type pdf)
<use plots/spatialresolution/pr41_xy_it1_spatialresolution.pdf>
Package pdftex.def Info: plots/spatialresolution/pr41_xy_it1_spatialresolution.pdf  used on input line 199.
(pdftex.def)             Requested size: 150.14671pt x 150.14491pt.
<plots/spatialresolution/pr51_xy_it1_spatialresolution.pdf, id=800, 361.35pt x 361.35pt>
File: plots/spatialresolution/pr51_xy_it1_spatialresolution.pdf Graphic file (type pdf)
<use plots/spatialresolution/pr51_xy_it1_spatialresolution.pdf>
Package pdftex.def Info: plots/spatialresolution/pr51_xy_it1_spatialresolution.pdf  used on input line 200.
(pdftex.def)             Requested size: 150.14671pt x 150.14491pt.
<plots/spatialresolution/pR11ns_xy_it1_spatialresolution.pdf, id=801, 361.35pt x 361.35pt>
File: plots/spatialresolution/pR11ns_xy_it1_spatialresolution.pdf Graphic file (type pdf)
<use plots/spatialresolution/pR11ns_xy_it1_spatialresolution.pdf>
Package pdftex.def Info: plots/spatialresolution/pR11ns_xy_it1_spatialresolution.pdf  used on input line 209.
(pdftex.def)             Requested size: 150.14671pt x 150.14491pt.
<plots/spatialresolution/pR01ns_xy_it1_spatialresolution.pdf, id=802, 361.35pt x 361.35pt>
File: plots/spatialresolution/pR01ns_xy_it1_spatialresolution.pdf Graphic file (type pdf)
<use plots/spatialresolution/pR01ns_xy_it1_spatialresolution.pdf>
Package pdftex.def Info: plots/spatialresolution/pR01ns_xy_it1_spatialresolution.pdf  used on input line 210.
(pdftex.def)             Requested size: 150.14671pt x 150.14491pt.
<plots/spatialresolution/pr71ns_xy_it1_spatialresolution.pdf, id=803, 361.35pt x 361.35pt>
File: plots/spatialresolution/pr71ns_xy_it1_spatialresolution.pdf Graphic file (type pdf)
<use plots/spatialresolution/pr71ns_xy_it1_spatialresolution.pdf>
Package pdftex.def Info: plots/spatialresolution/pr71ns_xy_it1_spatialresolution.pdf  used on input line 211.
(pdftex.def)             Requested size: 150.14671pt x 150.14491pt.
<plots/spatialresolution/pr21ns_xy_it1_spatialresolution.pdf, id=804, 361.35pt x 361.35pt>
File: plots/spatialresolution/pr21ns_xy_it1_spatialresolution.pdf Graphic file (type pdf)
<use plots/spatialresolution/pr21ns_xy_it1_spatialresolution.pdf>
Package pdftex.def Info: plots/spatialresolution/pr21ns_xy_it1_spatialresolution.pdf  used on input line 212.
(pdftex.def)             Requested size: 150.14671pt x 150.14491pt.
<plots/spatialresolution/pr01ns_xy_it1_spatialresolution.pdf, id=805, 361.35pt x 361.35pt>
File: plots/spatialresolution/pr01ns_xy_it1_spatialresolution.pdf Graphic file (type pdf)
<use plots/spatialresolution/pr01ns_xy_it1_spatialresolution.pdf>
Package pdftex.def Info: plots/spatialresolution/pr01ns_xy_it1_spatialresolution.pdf  used on input line 213.
(pdftex.def)             Requested size: 150.14671pt x 150.14491pt.
<plots/spatialresolution/pr61ns_xy_it1_spatialresolution.pdf, id=806, 361.35pt x 361.35pt>
File: plots/spatialresolution/pr61ns_xy_it1_spatialresolution.pdf Graphic file (type pdf)
<use plots/spatialresolution/pr61ns_xy_it1_spatialresolution.pdf>
Package pdftex.def Info: plots/spatialresolution/pr61ns_xy_it1_spatialresolution.pdf  used on input line 214.
(pdftex.def)             Requested size: 150.14671pt x 150.14491pt.
<plots/spatialresolution/pr31ns_xy_it1_spatialresolution.pdf, id=807, 361.35pt x 361.35pt>
File: plots/spatialresolution/pr31ns_xy_it1_spatialresolution.pdf Graphic file (type pdf)
<use plots/spatialresolution/pr31ns_xy_it1_spatialresolution.pdf>
Package pdftex.def Info: plots/spatialresolution/pr31ns_xy_it1_spatialresolution.pdf  used on input line 215.
(pdftex.def)             Requested size: 150.14671pt x 150.14491pt.
<plots/spatialresolution/pr41ns_xy_it1_spatialresolution.pdf, id=808, 361.35pt x 361.35pt>
File: plots/spatialresolution/pr41ns_xy_it1_spatialresolution.pdf Graphic file (type pdf)
<use plots/spatialresolution/pr41ns_xy_it1_spatialresolution.pdf>
Package pdftex.def Info: plots/spatialresolution/pr41ns_xy_it1_spatialresolution.pdf  used on input line 216.
(pdftex.def)             Requested size: 150.14671pt x 150.14491pt.
<plots/spatialresolution/pr51ns_xy_it1_spatialresolution.pdf, id=809, 361.35pt x 361.35pt>
File: plots/spatialresolution/pr51ns_xy_it1_spatialresolution.pdf Graphic file (type pdf)
<use plots/spatialresolution/pr51ns_xy_it1_spatialresolution.pdf>
Package pdftex.def Info: plots/spatialresolution/pr51ns_xy_it1_spatialresolution.pdf  used on input line 217.
(pdftex.def)             Requested size: 150.14671pt x 150.14491pt.
 [10 <./plots/spatialresolution/pR11_xy_it1_spatialresolution.pdf> <./plots/spatialresolution/pR01_xy_it1_spatialresolution.pdf> <./plots/spatialresolution/pR71_xy_it1_spatialresolution.pdf> <./plots/spatialresolution/pR21_xy_it1_spatialresolution.pdf> <./plots/spatialresolution/pr01_xy_it1_spatialresolution.pdf> <./plots/spatialresolution/pR61_xy_it1_spatialresolution.pdf> <./plots/spatialresolution/pR31_xy_it1_spatialresolution.pdf> <./plots/spatialresolution/pR41_xy_it1_spatialresolution.pdf> <./plots/spatialresolution/pR51_xy_it1_spatialresolution.pdf>] [11 <./plots/spatialresolution/pR11ns_xy_it1_spatialresolution.pdf> <./plots/spatialresolution/pR01ns_xy_it1_spatialresolution.pdf> <./plots/spatialresolution/pR71ns_xy_it1_spatialresolution.pdf> <./plots/spatialresolution/pR21ns_xy_it1_spatialresolution.pdf> <./plots/spatialresolution/pr01ns_xy_it1_spatialresolution.pdf> <./plots/spatialresolution/pR61ns_xy_it1_spatialresolution.pdf> <./plots/spatialresolution/pR31ns_xy_it1_spatialresolution.pdf> <./plots/spatialresolution/pR41ns_xy_it1_spatialresolution.pdf> <./plots/spatialresolution/pR51ns_xy_it1_spatialresolution.pdf>]

Package hyperref Warning: Token not allowed in a PDF string (Unicode):
(hyperref)                removing `math shift' on input line 256.


Package hyperref Warning: Token not allowed in a PDF string (Unicode):
(hyperref)                removing `math shift' on input line 256.

<plots/timecalconv/Channel time offsets, it0.pdf, id=1683, 524.33844pt x 333.32599pt>
File: plots/timecalconv/Channel time offsets, it0.pdf Graphic file (type pdf)
<use plots/timecalconv/Channel time offsets, it0.pdf>
Package pdftex.def Info: plots/timecalconv/Channel time offsets, it0.pdf  used on input line 269.
(pdftex.def)             Requested size: 225.21626pt x 143.16971pt.
<plots/timecalconv/Channel time offsets, it1.pdf, id=1684, 524.33844pt x 333.32599pt>
File: plots/timecalconv/Channel time offsets, it1.pdf Graphic file (type pdf)
<use plots/timecalconv/Channel time offsets, it1.pdf>
Package pdftex.def Info: plots/timecalconv/Channel time offsets, it1.pdf  used on input line 270.
(pdftex.def)             Requested size: 225.21626pt x 143.16971pt.
<plots/timecalconv/Channel time offsets, it3.pdf, id=1685, 524.33844pt x 333.32599pt>
File: plots/timecalconv/Channel time offsets, it3.pdf Graphic file (type pdf)
<use plots/timecalconv/Channel time offsets, it3.pdf>
Package pdftex.def Info: plots/timecalconv/Channel time offsets, it3.pdf  used on input line 271.
(pdftex.def)             Requested size: 225.21626pt x 143.16971pt.
<plots/timecalconv/Channel time offsets, it10.pdf, id=1686, 524.33844pt x 333.32599pt>
File: plots/timecalconv/Channel time offsets, it10.pdf Graphic file (type pdf)
<use plots/timecalconv/Channel time offsets, it10.pdf>
Package pdftex.def Info: plots/timecalconv/Channel time offsets, it10.pdf  used on input line 272.
(pdftex.def)             Requested size: 225.21626pt x 143.16971pt.
<plots/timecalconv/histselectediterations.pdf, id=1687, 402.09285pt x 227.03696pt>
File: plots/timecalconv/histselectediterations.pdf Graphic file (type pdf)
<use plots/timecalconv/histselectediterations.pdf>
Package pdftex.def Info: plots/timecalconv/histselectediterations.pdf  used on input line 278.
(pdftex.def)             Requested size: 300.29344pt x 169.56711pt.
[12]
<images/vertpath.png, id=1695, 475.7775pt x 449.68pt>
File: images/vertpath.png Graphic file (type png)
<use images/vertpath.png>
Package pdftex.def Info: images/vertpath.png  used on input line 287.
(pdftex.def)             Requested size: 250.24199pt x 236.5178pt.


LaTeX Warning: `h' float specifier changed to `ht'.

[13 <./plots/timecalconv/Channel time offsets, it0.pdf> <./plots/timecalconv/Channel time offsets, it1.pdf> <./plots/timecalconv/Channel time offsets, it3.pdf> <./plots/timecalconv/Channel time offsets, it10.pdf> <./plots/timecalconv/histselectediterations.pdf>]
<plots/globalctr/globalctrhist.pdf, id=1884, 409.55824pt x 227.03696pt>
File: plots/globalctr/globalctrhist.pdf Graphic file (type pdf)
<use plots/globalctr/globalctrhist.pdf>
Package pdftex.def Info: plots/globalctr/globalctrhist.pdf  used on input line 308.
(pdftex.def)             Requested size: 225.21626pt x 124.84991pt.
<plots/globalctr/globalctrplot.pdf, id=1885, 398.81499pt x 227.03696pt>
File: plots/globalctr/globalctrplot.pdf Graphic file (type pdf)
<use plots/globalctr/globalctrplot.pdf>
Package pdftex.def Info: plots/globalctr/globalctrplot.pdf  used on input line 309.
(pdftex.def)             Requested size: 220.21417pt x 125.36263pt.
<plots/globalctr/fullscanner4peaksit0.pdf, id=1886, 403.17502pt x 227.03696pt>
File: plots/globalctr/fullscanner4peaksit0.pdf Graphic file (type pdf)
<use plots/globalctr/fullscanner4peaksit0.pdf>
Package pdftex.def Info: plots/globalctr/fullscanner4peaksit0.pdf  used on input line 317.
(pdftex.def)             Requested size: 220.21417pt x 124.00809pt.
<plots/globalctr/fullscanner4peaksit10.pdf, id=1887, 409.55824pt x 227.03696pt>
File: plots/globalctr/fullscanner4peaksit10.pdf Graphic file (type pdf)
<use plots/globalctr/fullscanner4peaksit10.pdf>
Package pdftex.def Info: plots/globalctr/fullscanner4peaksit10.pdf  used on input line 318.
(pdftex.def)             Requested size: 225.21626pt x 124.84991pt.
<plots/timecalconv/Channel time spreads, it10.pdf, id=1888, 524.33844pt x 333.32599pt>
File: plots/timecalconv/Channel time spreads, it10.pdf Graphic file (type pdf)
<use plots/timecalconv/Channel time spreads, it10.pdf>
Package pdftex.def Info: plots/timecalconv/Channel time spreads, it10.pdf  used on input line 326.
(pdftex.def)             Requested size: 225.21626pt x 143.16971pt.
<plots/globalctr/bestctr.pdf, id=1889, 396.7918pt x 227.03696pt>
File: plots/globalctr/bestctr.pdf Graphic file (type pdf)
<use plots/globalctr/bestctr.pdf>
Package pdftex.def Info: plots/globalctr/bestctr.pdf  used on input line 327.
(pdftex.def)             Requested size: 220.21417pt x 126.00352pt.
 [14 <./images/vertpath.png (PNG copy)> <./plots/globalctr/globalctrhist.pdf> <./plots/globalctr/globalctrplot.pdf>] [15 <./plots/globalctr/fullscanner4peaksit0.pdf> <./plots/globalctr/fullscanner4peaksit10.pdf> <./plots/timecalconv/Channel time spreads, it10.pdf> <./plots/globalctr/bestctr.pdf>] [16]
<images/channelmap.png, id=2172, 1276.77pt x 770.88pt>
File: images/channelmap.png Graphic file (type png)
<use images/channelmap.png>
Package pdftex.def Info: images/channelmap.png  used on input line 376.
(pdftex.def)             Requested size: 375.36299pt x 226.63129pt.
<images/ID layout.pdf, id=2173, 524.33844pt x 333.32599pt>
File: images/ID layout.pdf Graphic file (type pdf)
<use images/ID layout.pdf>
Package pdftex.def Info: images/ID layout.pdf  used on input line 377.
(pdftex.def)             Requested size: 375.36299pt x 238.63144pt.
 [17 <./images/channelmap.png> <./images/ID layout.pdf>]
<plots/cutsanalysis/hcircpitimes.pdf, id=2210, 383.58621pt x 227.03696pt>
File: plots/cutsanalysis/hcircpitimes.pdf Graphic file (type pdf)
<use plots/cutsanalysis/hcircpitimes.pdf>
Package pdftex.def Info: plots/cutsanalysis/hcircpitimes.pdf  used on input line 391.
(pdftex.def)             Requested size: 150.14671pt x 88.86969pt.
<plots/cutsanalysis/hcircpitimesg.pdf, id=2211, 383.58621pt x 227.03696pt>
File: plots/cutsanalysis/hcircpitimesg.pdf Graphic file (type pdf)
<use plots/cutsanalysis/hcircpitimesg.pdf>
Package pdftex.def Info: plots/cutsanalysis/hcircpitimesg.pdf  used on input line 392.
(pdftex.def)             Requested size: 150.14671pt x 88.86969pt.
<plots/cutsanalysis/hcircpitimesgd.pdf, id=2212, 383.58621pt x 227.03696pt>
File: plots/cutsanalysis/hcircpitimesgd.pdf Graphic file (type pdf)
<use plots/cutsanalysis/hcircpitimesgd.pdf>
Package pdftex.def Info: plots/cutsanalysis/hcircpitimesgd.pdf  used on input line 393.
(pdftex.def)             Requested size: 150.14671pt x 88.86969pt.
<plots/cutsanalysis/hvertpitimes.pdf, id=2213, 383.58621pt x 227.03696pt>
File: plots/cutsanalysis/hvertpitimes.pdf Graphic file (type pdf)
<use plots/cutsanalysis/hvertpitimes.pdf>
Package pdftex.def Info: plots/cutsanalysis/hvertpitimes.pdf  used on input line 401.
(pdftex.def)             Requested size: 150.14671pt x 88.86969pt.
<plots/cutsanalysis/hvertpitimesg.pdf, id=2214, 383.58621pt x 227.03696pt>
File: plots/cutsanalysis/hvertpitimesg.pdf Graphic file (type pdf)
<use plots/cutsanalysis/hvertpitimesg.pdf>
Package pdftex.def Info: plots/cutsanalysis/hvertpitimesg.pdf  used on input line 402.
(pdftex.def)             Requested size: 150.14671pt x 88.86969pt.
<plots/cutsanalysis/hvertpitimesgd.pdf, id=2215, 383.58621pt x 227.03696pt>
File: plots/cutsanalysis/hvertpitimesgd.pdf Graphic file (type pdf)
<use plots/cutsanalysis/hvertpitimesgd.pdf>
Package pdftex.def Info: plots/cutsanalysis/hvertpitimesgd.pdf  used on input line 403.
(pdftex.def)             Requested size: 150.14671pt x 88.86969pt.
 [18 <./plots/cutsanalysis/hcircpitimes.pdf> <./plots/cutsanalysis/hcircpitimesg.pdf> <./plots/cutsanalysis/hcircpitimesgd.pdf> <./plots/cutsanalysis/hvertpitimes.pdf> <./plots/cutsanalysis/hvertpitimesg.pdf> <./plots/cutsanalysis/hvertpitimesgd.pdf>] (./main.aux)
 ***********
LaTeX2e <2023-11-01> patch level 1
L3 programming layer <2024-01-22>
 ***********
Package rerunfilecheck Info: File `main.out' has not changed.
(rerunfilecheck)             Checksum: 1E28DD178F3118231B3B15E751CE5594;3356.
 ) 
Here is how much of TeX's memory you used:
 23936 strings out of 476106
 457296 string characters out of 5793933
 1937975 words of memory out of 5000000
 45511 multiletter control sequences out of 15000+600000
 565092 words of font info for 61 fonts, out of 8000000 for 9000
 59 hyphenation exceptions out of 8191
 84i,14n,93p,1257b,585s stack positions out of 10000i,1000n,20000p,200000b,200000s
 </home/kale-chen/.texlive2023/texmf-var/fonts/pk/ljfour/jknappen/ec/tcrm1000.600pk></usr/share/texlive/texmf-dist/fonts/type1/public/amsfonts/cm/cmbx10.pfb></usr/share/texlive/texmf-dist/fonts/type1/public/amsfonts/cm/cmbx12.pfb></usr/share/texlive/texmf-dist/fonts/type1/public/amsfonts/cm/cmex10.pfb></usr/share/texlive/texmf-dist/fonts/type1/public/amsfonts/cm/cmmi10.pfb></usr/share/texlive/texmf-dist/fonts/type1/public/amsfonts/cm/cmmi7.pfb></usr/share/texlive/texmf-dist/fonts/type1/public/amsfonts/cm/cmmi9.pfb></usr/share/texlive/texmf-dist/fonts/type1/public/amsfonts/cm/cmr10.pfb></usr/share/texlive/texmf-dist/fonts/type1/public/amsfonts/cm/cmr12.pfb></usr/share/texlive/texmf-dist/fonts/type1/public/amsfonts/cm/cmr17.pfb></usr/share/texlive/texmf-dist/fonts/type1/public/amsfonts/cm/cmr5.pfb></usr/share/texlive/texmf-dist/fonts/type1/public/amsfonts/cm/cmr7.pfb></usr/share/texlive/texmf-dist/fonts/type1/public/amsfonts/cm/cmr9.pfb></usr/share/texlive/texmf-dist/fonts/type1/public/amsfonts/cm/cmsy10.pfb></usr/share/texlive/texmf-dist/fonts/type1/public/amsfonts/cm/cmsy5.pfb></usr/share/texlive/texmf-dist/fonts/type1/public/amsfonts/cm/cmsy7.pfb></usr/share/texlive/texmf-dist/fonts/type1/public/amsfonts/cm/cmtt10.pfb>
Output written on main.pdf (18 pages, 3762891 bytes).
PDF statistics:
 2591 PDF objects out of 2984 (max. 8388607)
 583 compressed objects within 6 object streams
 71 named destinations out of 1000 (max. 500000)
 464 words of extra memory for PDF output out of 10000 (max. 10000000)

